%!Adobe-FontList 1.15
%Locale:0x419

%BeginFont
Handler:DirectoryHandler
FontType:Type1
FontName:FranklinGothicDemiC
FamilyName:FranklinGothicDemiC
StyleName:Regular
FullName:FranklinGothicDemiC
MenuName:FranklinGothicDemiC
StyleBits:0
FamilyNameNative:
StyleNameNative:Regular
FullNameNative:
WritingScript:Cyrillic
OutlineFileName:E:\Smith\Projects\Slots\flash2\src\assets\Font\FranklinGothicDemiC.otf
DataFormat:sfntData
UsesStandardEncoding:no
isCFF:yes
FileLength:23368
FileModTime:1379922522
WeightClass:600
WidthClass:5
AngleClass:0
NameArray:0,Mac,4,FranklinGothicDemiC
NameArray:0,Win,1,FranklinGothicDemiC
%EndFont

%BeginFont
Handler:DirectoryHandler
FontType:Type1
FontName:FranklinGothicDemiCondC
FamilyName:FranklinGothicDemiCondC
StyleName:Regular
FullName:FranklinGothicDemiCondC
MenuName:FranklinGothicDemiCondC
StyleBits:0
FamilyNameNative:
StyleNameNative:Regular
FullNameNative:
WritingScript:Cyrillic
OutlineFileName:E:\Smith\Projects\Slots\flash2\src\assets\Font\FranklinGothicDemiCondC.otf
DataFormat:sfntData
UsesStandardEncoding:no
isCFF:yes
FileLength:27016
FileModTime:1379922522
WeightClass:600
WidthClass:5
AngleClass:0
NameArray:0,Mac,4,FranklinGothicDemiCondC
NameArray:0,Win,1,FranklinGothicDemiCondC
%EndFont

